// Jest Snapshot v1, https://goo.gl/fbAQLP

exports[`APP app component is here 1`] = `ShallowWrapper {}`;
