// Jest Snapshot v1, https://goo.gl/fbAQLP

exports[`gifts  gifts component exists 1`] = `ShallowWrapper {}`;
